; section map1_pf0_0
map1_pf0_0
;  	align 256
;  	image "data\map1" 3 255 4< 256^	
    .byte   #$00
    .byte   #$E0
    .byte   #$E0
    .byte   #$E0
    .byte   #$E0
    .byte   #$E0
    .byte   #$E0
    .byte   #$E0
    .byte   #$E0
    .byte   #$E0
    .byte   #$E0
    .byte   #$E0
    .byte   #$E0
    .byte   #$E0
    .byte   #$E0
    .byte   #$E0
    .byte   #$E0
    .byte   #$E0
    .byte   #$E0
    .byte   #$E0
    .byte   #$E0
    .byte   #$E0
    .byte   #$E0
    .byte   #$E0
    .byte   #$E0
    .byte   #$E0
    .byte   #$E0
    .byte   #$E0
    .byte   #$E0
    .byte   #$E0
    .byte   #$E0
    .byte   #$E0
    .byte   #$E0
    .byte   #$E0
    .byte   #$E0
    .byte   #$E0
    .byte   #$E0
    .byte   #$E0
    .byte   #$E0
    .byte   #$E0
    .byte   #$E0
    .byte   #$E0
    .byte   #$E0
    .byte   #$E0
    .byte   #$E0
    .byte   #$E0
    .byte   #$E0
    .byte   #$E0
    .byte   #$E0
    .byte   #$E0
    .byte   #$E0
    .byte   #$E0
    .byte   #$E0
    .byte   #$E0
    .byte   #$E0
    .byte   #$E0
    .byte   #$E0
    .byte   #$E0
    .byte   #$E0
    .byte   #$E0
    .byte   #$E0
    .byte   #$E0
    .byte   #$E0
    .byte   #$E0
    .byte   #$E0
    .byte   #$E0
    .byte   #$E0
    .byte   #$E0
    .byte   #$E0
    .byte   #$E0
    .byte   #$E0
    .byte   #$E0
    .byte   #$E0
    .byte   #$E0
    .byte   #$E0
    .byte   #$E0
    .byte   #$E0
    .byte   #$E0
    .byte   #$E0
    .byte   #$E0
    .byte   #$E0
    .byte   #$E0
    .byte   #$E0
    .byte   #$E0
    .byte   #$E0
    .byte   #$E0
    .byte   #$E0
    .byte   #$E0
    .byte   #$E0
    .byte   #$E0
    .byte   #$E0
    .byte   #$E0
    .byte   #$E0
    .byte   #$E0
    .byte   #$E0
    .byte   #$E0
    .byte   #$E0
    .byte   #$E0
    .byte   #$E0
    .byte   #$E0
    .byte   #$E0
    .byte   #$E0
    .byte   #$E0
    .byte   #$E0
    .byte   #$E0
    .byte   #$E0
    .byte   #$E0
    .byte   #$E0
    .byte   #$E0
    .byte   #$E0
    .byte   #$E0
    .byte   #$E0
    .byte   #$E0
    .byte   #$E0
    .byte   #$E0
    .byte   #$E0
    .byte   #$E0
    .byte   #$E0
    .byte   #$E0
    .byte   #$E0
    .byte   #$E0
    .byte   #$E0
    .byte   #$E0
    .byte   #$E0
    .byte   #$E0
    .byte   #$E0
    .byte   #$E0
    .byte   #$E0
    .byte   #$E0
    .byte   #$E0
    .byte   #$E0
    .byte   #$E0
    .byte   #$E0
    .byte   #$E0
    .byte   #$E0
    .byte   #$E0
    .byte   #$E0
    .byte   #$E0
    .byte   #$E0
    .byte   #$E0
    .byte   #$E0
    .byte   #$E0
    .byte   #$E0
    .byte   #$E0
    .byte   #$E0
    .byte   #$E0
    .byte   #$E0
    .byte   #$E0
    .byte   #$E0
    .byte   #$E0
    .byte   #$E0
    .byte   #$E0
    .byte   #$E0
    .byte   #$E0
    .byte   #$E0
    .byte   #$E0
    .byte   #$E0
    .byte   #$E0
    .byte   #$E0
    .byte   #$E0
    .byte   #$E0
    .byte   #$E0
    .byte   #$E0
    .byte   #$E0
    .byte   #$E0
    .byte   #$E0
    .byte   #$E0
    .byte   #$E0
    .byte   #$E0
    .byte   #$E0
    .byte   #$E0
    .byte   #$E0
    .byte   #$E0
    .byte   #$E0
    .byte   #$E0
    .byte   #$E0
    .byte   #$E0
    .byte   #$E0
    .byte   #$E0
    .byte   #$E0
    .byte   #$E0
    .byte   #$E0
    .byte   #$E0
    .byte   #$E0
    .byte   #$E0
    .byte   #$E0
    .byte   #$E0
    .byte   #$E0
    .byte   #$E0
    .byte   #$E0
    .byte   #$E0
    .byte   #$E0
    .byte   #$E0
    .byte   #$E0
    .byte   #$E0
    .byte   #$E0
    .byte   #$E0
    .byte   #$E0
    .byte   #$E0
    .byte   #$E0
    .byte   #$E0
    .byte   #$E0
    .byte   #$E0
    .byte   #$E0
    .byte   #$E0
    .byte   #$E0
    .byte   #$E0
    .byte   #$E0
    .byte   #$E0
    .byte   #$E0
    .byte   #$E0
    .byte   #$E0
    .byte   #$E0
    .byte   #$E0
    .byte   #$E0
    .byte   #$E0
    .byte   #$E0
    .byte   #$E0
    .byte   #$E0
    .byte   #$E0
    .byte   #$E0
    .byte   #$E0
    .byte   #$E0
    .byte   #$E0
    .byte   #$E0
    .byte   #$E0
    .byte   #$E0
    .byte   #$E0
    .byte   #$E0
    .byte   #$E0
    .byte   #$E0
    .byte   #$E0
    .byte   #$E0
    .byte   #$E0
    .byte   #$E0
    .byte   #$E0
    .byte   #$E0
    .byte   #$E0
    .byte   #$E0
    .byte   #$E0
    .byte   #$E0
    .byte   #$E0
    .byte   #$E0
    .byte   #$E0
    .byte   #$E0
    .byte   #$E0
    .byte   #$E0
    .byte   #$E0
    .byte   #$E0
    .byte   #$E0
    .byte   #$E0
    .byte   #$E0
    .byte   #$E0
    .byte   #$E0
    .byte   #$E0
    .byte   #$00
;  }
;  data map1_pf1_0 {
; section map1_pf1_0
map1_pf1_0
;  	align 256
;  	image "data\map1" 4 255 8> 256^	
    .byte   #$00
    .byte   #$FF
    .byte   #$FF
    .byte   #$FF
    .byte   #$FF
    .byte   #$FF
    .byte   #$FF
    .byte   #$FF
    .byte   #$FF
    .byte   #$FF
    .byte   #$BF
    .byte   #$8F
    .byte   #$B3
    .byte   #$BD
    .byte   #$BE
    .byte   #$BF
    .byte   #$BF
    .byte   #$BE
    .byte   #$99
    .byte   #$E7
    .byte   #$F3
    .byte   #$FF
    .byte   #$FF
    .byte   #$FF
    .byte   #$FF
    .byte   #$FF
    .byte   #$FF
    .byte   #$FF
    .byte   #$C0
    .byte   #$FF
    .byte   #$FF
    .byte   #$FF
    .byte   #$FF
    .byte   #$FF
    .byte   #$FF
    .byte   #$FF
    .byte   #$FF
    .byte   #$FF
    .byte   #$FF
    .byte   #$FF
    .byte   #$FF
    .byte   #$FF
    .byte   #$FF
    .byte   #$FF
    .byte   #$FF
    .byte   #$FF
    .byte   #$FF
    .byte   #$FF
    .byte   #$FF
    .byte   #$FF
    .byte   #$FF
    .byte   #$FF
    .byte   #$FF
    .byte   #$FF
    .byte   #$FF
    .byte   #$FF
    .byte   #$FF
    .byte   #$FF
    .byte   #$FF
    .byte   #$FF
    .byte   #$FF
    .byte   #$FF
    .byte   #$FF
    .byte   #$FF
    .byte   #$FF
    .byte   #$FF
    .byte   #$FF
    .byte   #$FF
    .byte   #$FF
    .byte   #$FF
    .byte   #$FF
    .byte   #$FF
    .byte   #$E0
    .byte   #$FF
    .byte   #$FF
    .byte   #$FF
    .byte   #$FF
    .byte   #$FF
    .byte   #$FF
    .byte   #$FF
    .byte   #$FF
    .byte   #$FF
    .byte   #$FF
    .byte   #$FF
    .byte   #$FF
    .byte   #$FF
    .byte   #$FF
    .byte   #$FF
    .byte   #$FF
    .byte   #$FF
    .byte   #$FF
    .byte   #$FF
    .byte   #$FF
    .byte   #$FF
    .byte   #$FF
    .byte   #$FF
    .byte   #$FF
    .byte   #$FF
    .byte   #$F0
    .byte   #$FF
    .byte   #$FF
    .byte   #$FF
    .byte   #$FF
    .byte   #$FF
    .byte   #$FF
    .byte   #$FF
    .byte   #$FF
    .byte   #$FF
    .byte   #$FF
    .byte   #$FF
    .byte   #$FF
    .byte   #$FF
    .byte   #$FF
    .byte   #$FF
    .byte   #$FF
    .byte   #$FF
    .byte   #$FF
    .byte   #$FF
    .byte   #$FF
    .byte   #$FF
    .byte   #$FF
    .byte   #$FF
    .byte   #$FF
    .byte   #$FF
    .byte   #$FE
    .byte   #$FD
    .byte   #$FB
    .byte   #$F7
    .byte   #$F7
    .byte   #$FF
    .byte   #$FF
    .byte   #$FF
    .byte   #$FF
    .byte   #$FF
    .byte   #$FF
    .byte   #$FF
    .byte   #$FF
    .byte   #$FF
    .byte   #$FF
    .byte   #$FF
    .byte   #$FF
    .byte   #$FF
    .byte   #$FF
    .byte   #$FF
    .byte   #$FF
    .byte   #$FF
    .byte   #$FF
    .byte   #$FF
    .byte   #$FF
    .byte   #$FF
    .byte   #$FF
    .byte   #$FF
    .byte   #$FF
    .byte   #$FF
    .byte   #$FF
    .byte   #$FF
    .byte   #$FF
    .byte   #$FF
    .byte   #$FF
    .byte   #$FF
    .byte   #$FF
    .byte   #$FF
    .byte   #$FF
    .byte   #$FF
    .byte   #$FC
    .byte   #$FF
    .byte   #$FF
    .byte   #$FF
    .byte   #$FF
    .byte   #$FF
    .byte   #$FF
    .byte   #$FF
    .byte   #$FF
    .byte   #$FF
    .byte   #$FF
    .byte   #$FF
    .byte   #$FF
    .byte   #$FF
    .byte   #$FF
    .byte   #$FF
    .byte   #$FF
    .byte   #$FF
    .byte   #$FF
    .byte   #$FF
    .byte   #$FF
    .byte   #$FF
    .byte   #$FF
    .byte   #$FF
    .byte   #$FF
    .byte   #$FF
    .byte   #$FF
    .byte   #$FF
    .byte   #$FF
    .byte   #$FF
    .byte   #$FF
    .byte   #$FF
    .byte   #$FF
    .byte   #$FF
    .byte   #$FF
    .byte   #$FF
    .byte   #$FF
    .byte   #$FF
    .byte   #$FF
    .byte   #$FF
    .byte   #$FF
    .byte   #$FF
    .byte   #$FF
    .byte   #$FF
    .byte   #$FF
    .byte   #$FF
    .byte   #$FF
    .byte   #$FF
    .byte   #$FF
    .byte   #$FF
    .byte   #$FF
    .byte   #$FF
    .byte   #$FF
    .byte   #$FF
    .byte   #$FF
    .byte   #$FF
    .byte   #$FE
    .byte   #$FE
    .byte   #$FF
    .byte   #$FF
    .byte   #$FF
    .byte   #$FF
    .byte   #$FF
    .byte   #$FF
    .byte   #$FF
    .byte   #$FF
    .byte   #$FF
    .byte   #$FF
    .byte   #$FF
    .byte   #$FF
    .byte   #$FF
    .byte   #$FF
    .byte   #$FF
    .byte   #$FF
    .byte   #$FF
    .byte   #$FF
    .byte   #$FF
    .byte   #$FF
    .byte   #$FF
    .byte   #$FF
    .byte   #$FF
    .byte   #$FF
    .byte   #$FF
    .byte   #$C0
    .byte   #$FF
    .byte   #$FF
    .byte   #$FF
    .byte   #$FF
    .byte   #$FF
    .byte   #$FF
    .byte   #$FF
    .byte   #$00
;  }
;  data map1_pf2_0 {
; section map1_pf2_0
map1_pf2_0
;  	align 256
;  	image "data\map1" 19 255 8< 256^	
    .byte   #$00
    .byte   #$FF
    .byte   #$FF
    .byte   #$FF
    .byte   #$FF
    .byte   #$FF
    .byte   #$FF
    .byte   #$FF
    .byte   #$DF
    .byte   #$1F
    .byte   #$DF
    .byte   #$DF
    .byte   #$DF
    .byte   #$DF
    .byte   #$DF
    .byte   #$DE
    .byte   #$DD
    .byte   #$DE
    .byte   #$DF
    .byte   #$DF
    .byte   #$FF
    .byte   #$FF
    .byte   #$FF
    .byte   #$FF
    .byte   #$FF
    .byte   #$FF
    .byte   #$FF
    .byte   #$FF
    .byte   #$00
    .byte   #$FF
    .byte   #$FF
    .byte   #$FF
    .byte   #$FF
    .byte   #$FF
    .byte   #$FF
    .byte   #$FF
    .byte   #$FF
    .byte   #$FF
    .byte   #$FF
    .byte   #$FF
    .byte   #$FF
    .byte   #$FF
    .byte   #$FF
    .byte   #$FF
    .byte   #$FF
    .byte   #$FF
    .byte   #$FF
    .byte   #$FF
    .byte   #$FF
    .byte   #$FF
    .byte   #$FF
    .byte   #$FF
    .byte   #$FF
    .byte   #$FF
    .byte   #$FF
    .byte   #$FF
    .byte   #$FF
    .byte   #$FF
    .byte   #$FF
    .byte   #$FF
    .byte   #$FF
    .byte   #$FF
    .byte   #$3F
    .byte   #$FF
    .byte   #$FF
    .byte   #$FF
    .byte   #$FF
    .byte   #$FF
    .byte   #$FF
    .byte   #$FF
    .byte   #$FF
    .byte   #$FF
    .byte   #$FE
    .byte   #$FF
    .byte   #$FF
    .byte   #$FF
    .byte   #$FF
    .byte   #$FF
    .byte   #$FF
    .byte   #$FF
    .byte   #$FF
    .byte   #$FF
    .byte   #$FF
    .byte   #$FF
    .byte   #$0F
    .byte   #$FF
    .byte   #$FF
    .byte   #$FF
    .byte   #$FF
    .byte   #$FF
    .byte   #$FF
    .byte   #$FF
    .byte   #$FF
    .byte   #$FF
    .byte   #$FF
    .byte   #$FF
    .byte   #$FF
    .byte   #$FF
    .byte   #$E0
    .byte   #$FF
    .byte   #$FF
    .byte   #$FF
    .byte   #$FF
    .byte   #$FF
    .byte   #$FF
    .byte   #$FF
    .byte   #$FF
    .byte   #$FF
    .byte   #$FF
    .byte   #$FF
    .byte   #$FF
    .byte   #$FF
    .byte   #$FF
    .byte   #$FF
    .byte   #$7F
    .byte   #$BF
    .byte   #$DF
    .byte   #$EF
    .byte   #$EF
    .byte   #$F7
    .byte   #$FB
    .byte   #$FD
    .byte   #$FE
    .byte   #$FE
    .byte   #$FF
    .byte   #$FF
    .byte   #$FF
    .byte   #$FF
    .byte   #$FF
    .byte   #$FF
    .byte   #$FF
    .byte   #$3F
    .byte   #$FF
    .byte   #$FF
    .byte   #$FF
    .byte   #$FF
    .byte   #$FF
    .byte   #$FF
    .byte   #$FF
    .byte   #$FF
    .byte   #$FF
    .byte   #$FF
    .byte   #$FB
    .byte   #$F7
    .byte   #$F7
    .byte   #$EF
    .byte   #$DF
    .byte   #$BF
    .byte   #$7F
    .byte   #$FF
    .byte   #$FF
    .byte   #$FF
    .byte   #$FF
    .byte   #$FF
    .byte   #$FF
    .byte   #$FF
    .byte   #$FF
    .byte   #$FF
    .byte   #$FF
    .byte   #$FF
    .byte   #$FF
    .byte   #$FF
    .byte   #$FF
    .byte   #$FF
    .byte   #$00
    .byte   #$FF
    .byte   #$FF
    .byte   #$FF
    .byte   #$FF
    .byte   #$FF
    .byte   #$FF
    .byte   #$FF
    .byte   #$FF
    .byte   #$FF
    .byte   #$FF
    .byte   #$FF
    .byte   #$FF
    .byte   #$FF
    .byte   #$FF
    .byte   #$FF
    .byte   #$FF
    .byte   #$FF
    .byte   #$FF
    .byte   #$FF
    .byte   #$FF
    .byte   #$FF
    .byte   #$FF
    .byte   #$FF
    .byte   #$FF
    .byte   #$FC
    .byte   #$F3
    .byte   #$EF
    .byte   #$9F
    .byte   #$7F
    .byte   #$FF
    .byte   #$FF
    .byte   #$FF
    .byte   #$FF
    .byte   #$FF
    .byte   #$FF
    .byte   #$FF
    .byte   #$FF
    .byte   #$FF
    .byte   #$FF
    .byte   #$FF
    .byte   #$FF
    .byte   #$FF
    .byte   #$FF
    .byte   #$FF
    .byte   #$FF
    .byte   #$FF
    .byte   #$FF
    .byte   #$BF
    .byte   #$DF
    .byte   #$EF
    .byte   #$F7
    .byte   #$F7
    .byte   #$FB
    .byte   #$FD
    .byte   #$FE
    .byte   #$FF
    .byte   #$FF
    .byte   #$FF
    .byte   #$FF
    .byte   #$FF
    .byte   #$FF
    .byte   #$FF
    .byte   #$FF
    .byte   #$FF
    .byte   #$FF
    .byte   #$FF
    .byte   #$FE
    .byte   #$FE
    .byte   #$FE
    .byte   #$FE
    .byte   #$FE
    .byte   #$FE
    .byte   #$FE
    .byte   #$FE
    .byte   #$FF
    .byte   #$FF
    .byte   #$FF
    .byte   #$FF
    .byte   #$FF
    .byte   #$FF
    .byte   #$FF
    .byte   #$FF
    .byte   #$F8
    .byte   #$FF
    .byte   #$FF
    .byte   #$FF
    .byte   #$FF
    .byte   #$FF
    .byte   #$FF
    .byte   #$FF
    .byte   #$00
;  }
;  data map1_pf2_1 {
; section map1_pf2_1
map1_pf2_1
;  	align 256
;  	image "data\map1" 20 255 8> 256^	
    .byte   #$00
    .byte   #$FF
    .byte   #$FF
    .byte   #$FF
    .byte   #$FF
    .byte   #$FF
    .byte   #$FF
    .byte   #$FF
    .byte   #$FF
    .byte   #$1F
    .byte   #$DF
    .byte   #$DF
    .byte   #$DD
    .byte   #$DD
    .byte   #$DD
    .byte   #$DD
    .byte   #$DD
    .byte   #$DD
    .byte   #$DA
    .byte   #$DA
    .byte   #$FB
    .byte   #$FB
    .byte   #$FB
    .byte   #$FA
    .byte   #$F9
    .byte   #$FF
    .byte   #$FF
    .byte   #$FF
    .byte   #$3F
    .byte   #$FF
    .byte   #$FF
    .byte   #$FF
    .byte   #$FF
    .byte   #$FF
    .byte   #$FF
    .byte   #$FF
    .byte   #$FF
    .byte   #$EF
    .byte   #$EF
    .byte   #$EF
    .byte   #$EF
    .byte   #$EF
    .byte   #$EF
    .byte   #$DF
    .byte   #$DF
    .byte   #$DF
    .byte   #$DF
    .byte   #$DF
    .byte   #$DF
    .byte   #$DF
    .byte   #$FF
    .byte   #$FF
    .byte   #$FF
    .byte   #$FF
    .byte   #$FF
    .byte   #$FF
    .byte   #$FF
    .byte   #$FF
    .byte   #$FF
    .byte   #$FF
    .byte   #$FF
    .byte   #$FF
    .byte   #$07
    .byte   #$FF
    .byte   #$FF
    .byte   #$FF
    .byte   #$FF
    .byte   #$FF
    .byte   #$FF
    .byte   #$FF
    .byte   #$FF
    .byte   #$FF
    .byte   #$FF
    .byte   #$FF
    .byte   #$FF
    .byte   #$FF
    .byte   #$FF
    .byte   #$FF
    .byte   #$FF
    .byte   #$FF
    .byte   #$FF
    .byte   #$FF
    .byte   #$FF
    .byte   #$FF
    .byte   #$0F
    .byte   #$FF
    .byte   #$FF
    .byte   #$FF
    .byte   #$FF
    .byte   #$FF
    .byte   #$FF
    .byte   #$FF
    .byte   #$FF
    .byte   #$FF
    .byte   #$FF
    .byte   #$FF
    .byte   #$FF
    .byte   #$FF
    .byte   #$FF
    .byte   #$FF
    .byte   #$FF
    .byte   #$FF
    .byte   #$FF
    .byte   #$FF
    .byte   #$FF
    .byte   #$FF
    .byte   #$FF
    .byte   #$FF
    .byte   #$FF
    .byte   #$FF
    .byte   #$FF
    .byte   #$FF
    .byte   #$FF
    .byte   #$7F
    .byte   #$FF
    .byte   #$FF
    .byte   #$FF
    .byte   #$FF
    .byte   #$FF
    .byte   #$FF
    .byte   #$FF
    .byte   #$FF
    .byte   #$FF
    .byte   #$FF
    .byte   #$FF
    .byte   #$FF
    .byte   #$FF
    .byte   #$FF
    .byte   #$FF
    .byte   #$FF
    .byte   #$FF
    .byte   #$03
    .byte   #$FF
    .byte   #$FF
    .byte   #$FF
    .byte   #$FF
    .byte   #$FF
    .byte   #$FF
    .byte   #$FF
    .byte   #$FF
    .byte   #$FF
    .byte   #$FF
    .byte   #$FF
    .byte   #$FF
    .byte   #$FF
    .byte   #$FF
    .byte   #$FF
    .byte   #$FF
    .byte   #$FF
    .byte   #$7F
    .byte   #$BF
    .byte   #$DF
    .byte   #$EF
    .byte   #$F7
    .byte   #$FF
    .byte   #$FF
    .byte   #$FF
    .byte   #$FF
    .byte   #$FF
    .byte   #$FF
    .byte   #$FF
    .byte   #$FF
    .byte   #$FF
    .byte   #$FF
    .byte   #$1F
    .byte   #$FF
    .byte   #$FF
    .byte   #$FF
    .byte   #$FF
    .byte   #$FF
    .byte   #$FF
    .byte   #$FF
    .byte   #$FF
    .byte   #$FF
    .byte   #$FF
    .byte   #$FF
    .byte   #$FF
    .byte   #$FF
    .byte   #$FF
    .byte   #$FF
    .byte   #$FF
    .byte   #$FF
    .byte   #$FF
    .byte   #$FF
    .byte   #$FF
    .byte   #$FF
    .byte   #$FF
    .byte   #$FF
    .byte   #$FF
    .byte   #$FF
    .byte   #$FF
    .byte   #$FF
    .byte   #$FF
    .byte   #$7F
    .byte   #$9F
    .byte   #$EF
    .byte   #$F3
    .byte   #$FC
    .byte   #$FF
    .byte   #$FF
    .byte   #$FF
    .byte   #$FF
    .byte   #$FF
    .byte   #$FF
    .byte   #$FF
    .byte   #$FF
    .byte   #$FF
    .byte   #$FF
    .byte   #$FF
    .byte   #$FF
    .byte   #$FF
    .byte   #$FF
    .byte   #$FF
    .byte   #$FF
    .byte   #$FF
    .byte   #$FF
    .byte   #$FF
    .byte   #$FF
    .byte   #$FF
    .byte   #$FF
    .byte   #$FF
    .byte   #$FF
    .byte   #$FF
    .byte   #$FF
    .byte   #$FF
    .byte   #$FF
    .byte   #$FF
    .byte   #$FF
    .byte   #$FF
    .byte   #$FF
    .byte   #$FF
    .byte   #$FF
    .byte   #$E0
    .byte   #$FF
    .byte   #$FF
    .byte   #$FF
    .byte   #$FF
    .byte   #$FF
    .byte   #$FF
    .byte   #$FF
    .byte   #$FF
    .byte   #$FF
    .byte   #$FF
    .byte   #$FF
    .byte   #$FF
    .byte   #$FF
    .byte   #$FF
    .byte   #$FF
    .byte   #$FF
    .byte   #$FF
    .byte   #$FF
    .byte   #$FE
    .byte   #$FE
    .byte   #$FF
    .byte   #$FF
    .byte   #$00
;  }
;  data map1_pf1_1 {
; section map1_pf1_1
map1_pf1_1
;  	align 256
;  	image "data\map1" 35 255 8< 256^	
    .byte   #$00
    .byte   #$FF
    .byte   #$FF
    .byte   #$FF
    .byte   #$FF
    .byte   #$FF
    .byte   #$FF
    .byte   #$FF
    .byte   #$FF
    .byte   #$F7
    .byte   #$F7
    .byte   #$F7
    .byte   #$EF
    .byte   #$0F
    .byte   #$EF
    .byte   #$DF
    .byte   #$5F
    .byte   #$5F
    .byte   #$5F
    .byte   #$3F
    .byte   #$3E
    .byte   #$BD
    .byte   #$BB
    .byte   #$FC
    .byte   #$FF
    .byte   #$FF
    .byte   #$FF
    .byte   #$FF
    .byte   #$FF
    .byte   #$FF
    .byte   #$FF
    .byte   #$FF
    .byte   #$DF
    .byte   #$DF
    .byte   #$DF
    .byte   #$DF
    .byte   #$DF
    .byte   #$DF
    .byte   #$DF
    .byte   #$DF
    .byte   #$DF
    .byte   #$DF
    .byte   #$DF
    .byte   #$DF
    .byte   #$DF
    .byte   #$DF
    .byte   #$DF
    .byte   #$DF
    .byte   #$DF
    .byte   #$DF
    .byte   #$DF
    .byte   #$FF
    .byte   #$FF
    .byte   #$FF
    .byte   #$FF
    .byte   #$FF
    .byte   #$FF
    .byte   #$FF
    .byte   #$FF
    .byte   #$FF
    .byte   #$FF
    .byte   #$FF
    .byte   #$FF
    .byte   #$FF
    .byte   #$FF
    .byte   #$FF
    .byte   #$FF
    .byte   #$FF
    .byte   #$FF
    .byte   #$FF
    .byte   #$FF
    .byte   #$FF
    .byte   #$FF
    .byte   #$FF
    .byte   #$FF
    .byte   #$FF
    .byte   #$FF
    .byte   #$FF
    .byte   #$FF
    .byte   #$FF
    .byte   #$FF
    .byte   #$FF
    .byte   #$FF
    .byte   #$FF
    .byte   #$FF
    .byte   #$FF
    .byte   #$FF
    .byte   #$FF
    .byte   #$FF
    .byte   #$FF
    .byte   #$FF
    .byte   #$FF
    .byte   #$FF
    .byte   #$FF
    .byte   #$FF
    .byte   #$FF
    .byte   #$FF
    .byte   #$FF
    .byte   #$FF
    .byte   #$FF
    .byte   #$FF
    .byte   #$FF
    .byte   #$FF
    .byte   #$FF
    .byte   #$FF
    .byte   #$FF
    .byte   #$FF
    .byte   #$F7
    .byte   #$F7
    .byte   #$F7
    .byte   #$F7
    .byte   #$F7
    .byte   #$F7
    .byte   #$F7
    .byte   #$F7
    .byte   #$FB
    .byte   #$FB
    .byte   #$FB
    .byte   #$FB
    .byte   #$FB
    .byte   #$FB
    .byte   #$FB
    .byte   #$FB
    .byte   #$FB
    .byte   #$FF
    .byte   #$FF
    .byte   #$FF
    .byte   #$FF
    .byte   #$FF
    .byte   #$FF
    .byte   #$FF
    .byte   #$FF
    .byte   #$FF
    .byte   #$FF
    .byte   #$FF
    .byte   #$FF
    .byte   #$7F
    .byte   #$7F
    .byte   #$7F
    .byte   #$7F
    .byte   #$7F
    .byte   #$7F
    .byte   #$7F
    .byte   #$7F
    .byte   #$7F
    .byte   #$7F
    .byte   #$7F
    .byte   #$7F
    .byte   #$7F
    .byte   #$7F
    .byte   #$7F
    .byte   #$7F
    .byte   #$7F
    .byte   #$7F
    .byte   #$7F
    .byte   #$7F
    .byte   #$7F
    .byte   #$7F
    .byte   #$7F
    .byte   #$7F
    .byte   #$7F
    .byte   #$7F
    .byte   #$7F
    .byte   #$7F
    .byte   #$7F
    .byte   #$7F
    .byte   #$7F
    .byte   #$7F
    .byte   #$7F
    .byte   #$7F
    .byte   #$7F
    .byte   #$FF
    .byte   #$FF
    .byte   #$FF
    .byte   #$FF
    .byte   #$FF
    .byte   #$FF
    .byte   #$FF
    .byte   #$FF
    .byte   #$FF
    .byte   #$FF
    .byte   #$FF
    .byte   #$FF
    .byte   #$FF
    .byte   #$FF
    .byte   #$FF
    .byte   #$FF
    .byte   #$FF
    .byte   #$FF
    .byte   #$FF
    .byte   #$FF
    .byte   #$FF
    .byte   #$FF
    .byte   #$FF
    .byte   #$FF
    .byte   #$FF
    .byte   #$FF
    .byte   #$FF
    .byte   #$FE
    .byte   #$FF
    .byte   #$FF
    .byte   #$FF
    .byte   #$FF
    .byte   #$FF
    .byte   #$FF
    .byte   #$FF
    .byte   #$FF
    .byte   #$FB
    .byte   #$FB
    .byte   #$FB
    .byte   #$FB
    .byte   #$FB
    .byte   #$FB
    .byte   #$FB
    .byte   #$FB
    .byte   #$FB
    .byte   #$FB
    .byte   #$FB
    .byte   #$FB
    .byte   #$FB
    .byte   #$FB
    .byte   #$FF
    .byte   #$FF
    .byte   #$FF
    .byte   #$FF
    .byte   #$FF
    .byte   #$FF
    .byte   #$FF
    .byte   #$FF
    .byte   #$FF
    .byte   #$FF
    .byte   #$FF
    .byte   #$C0
    .byte   #$FF
    .byte   #$FF
    .byte   #$FF
    .byte   #$FF
    .byte   #$FF
    .byte   #$FF
    .byte   #$FF
    .byte   #$FF
    .byte   #$7F
    .byte   #$BF
    .byte   #$DF
    .byte   #$DF
    .byte   #$EF
    .byte   #$F7
    .byte   #$FB
    .byte   #$FB
    .byte   #$FD
    .byte   #$FE
    .byte   #$FF
    .byte   #$FF
    .byte   #$FF
    .byte   #$FF
    .byte   #$00
;  }
;  data map1_pf0_1 {
; section map1_pf0_1
map1_pf0_1
;  	align 256
;  	image "data\map1" 36 255 4> 256^	
    .byte   #$00
    .byte   #$E0
    .byte   #$E0
    .byte   #$E0
    .byte   #$E0
    .byte   #$E0
    .byte   #$E0
    .byte   #$E0
    .byte   #$A0
    .byte   #$A0
    .byte   #$A0
    .byte   #$60
    .byte   #$60
    .byte   #$20
    .byte   #$60
    .byte   #$60
    .byte   #$E0
    .byte   #$E0
    .byte   #$E0
    .byte   #$E0
    .byte   #$E0
    .byte   #$E0
    .byte   #$E0
    .byte   #$E0
    .byte   #$E0
    .byte   #$E0
    .byte   #$E0
    .byte   #$E0
    .byte   #$E0
    .byte   #$E0
    .byte   #$E0
    .byte   #$E0
    .byte   #$E0
    .byte   #$E0
    .byte   #$E0
    .byte   #$E0
    .byte   #$E0
    .byte   #$E0
    .byte   #$E0
    .byte   #$E0
    .byte   #$E0
    .byte   #$E0
    .byte   #$E0
    .byte   #$E0
    .byte   #$E0
    .byte   #$E0
    .byte   #$E0
    .byte   #$E0
    .byte   #$E0
    .byte   #$E0
    .byte   #$E0
    .byte   #$E0
    .byte   #$E0
    .byte   #$E0
    .byte   #$E0
    .byte   #$E0
    .byte   #$E0
    .byte   #$E0
    .byte   #$E0
    .byte   #$E0
    .byte   #$E0
    .byte   #$E0
    .byte   #$E0
    .byte   #$E0
    .byte   #$E0
    .byte   #$E0
    .byte   #$E0
    .byte   #$E0
    .byte   #$E0
    .byte   #$E0
    .byte   #$E0
    .byte   #$E0
    .byte   #$E0
    .byte   #$E0
    .byte   #$E0
    .byte   #$E0
    .byte   #$E0
    .byte   #$E0
    .byte   #$E0
    .byte   #$E0
    .byte   #$E0
    .byte   #$E0
    .byte   #$E0
    .byte   #$E0
    .byte   #$E0
    .byte   #$E0
    .byte   #$E0
    .byte   #$E0
    .byte   #$E0
    .byte   #$E0
    .byte   #$E0
    .byte   #$E0
    .byte   #$E0
    .byte   #$E0
    .byte   #$E0
    .byte   #$E0
    .byte   #$E0
    .byte   #$E0
    .byte   #$E0
    .byte   #$E0
    .byte   #$E0
    .byte   #$E0
    .byte   #$E0
    .byte   #$E0
    .byte   #$E0
    .byte   #$E0
    .byte   #$E0
    .byte   #$E0
    .byte   #$E0
    .byte   #$E0
    .byte   #$E0
    .byte   #$E0
    .byte   #$E0
    .byte   #$E0
    .byte   #$E0
    .byte   #$E0
    .byte   #$E0
    .byte   #$E0
    .byte   #$E0
    .byte   #$E0
    .byte   #$E0
    .byte   #$E0
    .byte   #$E0
    .byte   #$E0
    .byte   #$E0
    .byte   #$E0
    .byte   #$E0
    .byte   #$E0
    .byte   #$E0
    .byte   #$E0
    .byte   #$E0
    .byte   #$E0
    .byte   #$E0
    .byte   #$E0
    .byte   #$E0
    .byte   #$E0
    .byte   #$E0
    .byte   #$E0
    .byte   #$E0
    .byte   #$E0
    .byte   #$E0
    .byte   #$E0
    .byte   #$E0
    .byte   #$E0
    .byte   #$E0
    .byte   #$E0
    .byte   #$E0
    .byte   #$E0
    .byte   #$E0
    .byte   #$E0
    .byte   #$E0
    .byte   #$E0
    .byte   #$E0
    .byte   #$E0
    .byte   #$E0
    .byte   #$E0
    .byte   #$E0
    .byte   #$E0
    .byte   #$E0
    .byte   #$E0
    .byte   #$E0
    .byte   #$E0
    .byte   #$E0
    .byte   #$E0
    .byte   #$E0
    .byte   #$E0
    .byte   #$E0
    .byte   #$E0
    .byte   #$E0
    .byte   #$E0
    .byte   #$E0
    .byte   #$E0
    .byte   #$E0
    .byte   #$E0
    .byte   #$E0
    .byte   #$E0
    .byte   #$E0
    .byte   #$E0
    .byte   #$E0
    .byte   #$E0
    .byte   #$E0
    .byte   #$E0
    .byte   #$E0
    .byte   #$E0
    .byte   #$E0
    .byte   #$E0
    .byte   #$E0
    .byte   #$E0
    .byte   #$E0
    .byte   #$E0
    .byte   #$E0
    .byte   #$E0
    .byte   #$E0
    .byte   #$E0
    .byte   #$E0
    .byte   #$E0
    .byte   #$E0
    .byte   #$E0
    .byte   #$E0
    .byte   #$E0
    .byte   #$E0
    .byte   #$E0
    .byte   #$E0
    .byte   #$E0
    .byte   #$E0
    .byte   #$E0
    .byte   #$E0
    .byte   #$E0
    .byte   #$E0
    .byte   #$E0
    .byte   #$E0
    .byte   #$E0
    .byte   #$E0
    .byte   #$E0
    .byte   #$E0
    .byte   #$E0
    .byte   #$E0
    .byte   #$E0
    .byte   #$E0
    .byte   #$E0
    .byte   #$E0
    .byte   #$E0
    .byte   #$E0
    .byte   #$E0
    .byte   #$E0
    .byte   #$E0
    .byte   #$E0
    .byte   #$E0
    .byte   #$E0
    .byte   #$E0
    .byte   #$E0
    .byte   #$E0
    .byte   #$E0
    .byte   #$E0
    .byte   #$E0
    .byte   #$E0
    .byte   #$E0
    .byte   #$E0
    .byte   #$E0
    .byte   #$E0
    .byte   #$E0
    .byte   #$E0
    .byte   #$E0
    .byte   #$E0
    .byte   #$E0
    .byte   #$E0
    .byte   #$E0
    .byte   #$E0
    .byte   #$E0
    .byte   #$E0
    .byte   #$E0
    .byte   #$E0
    .byte   #$E0
    .byte   #$E0
    .byte   #$E0
    .byte   #$00
;  }
;  
; section main
main
	; inlined init
    SEi
    CLd
    LDX     #$FF
    TXS
    LDA     #$00
__I17__label_1
    STA     zeropage,X
    DEX
	BNE	__I17__label_1
	; end of inlined init
;  	init
;  	ctpf=a=1
    LDA     #$01
    STA     ctpf
;  	player_y=a=49
    LDA     #$31
    STA     player_y
;  
;  	ptr_map_pf0_0+1=a=&>map1_pf0_0
    LDA     #>(map1_pf0_0)
    STA     ptr_map_pf0_0+1
;  	ptr_map_pf1_0+1=a=&>map1_pf1_0 
    LDA     #>(map1_pf1_0)
    STA     ptr_map_pf1_0+1
;  	ptr_map_pf2_0+1=a=&>map1_pf2_0
    LDA     #>(map1_pf2_0)
    STA     ptr_map_pf2_0+1
;  	ptr_map_pf0_1+1=a=&>map1_pf0_1
    LDA     #>(map1_pf0_1)
    STA     ptr_map_pf0_1+1
;  	ptr_map_pf1_1+1=a=&>map1_pf1_1
    LDA     #>(map1_pf1_1)
    STA     ptr_map_pf1_1+1
;  	ptr_map_pf2_1+1=a=&>map1_pf2_1
    LDA     #>(map1_pf2_1)
    STA     ptr_map_pf2_1+1
;  
;  	{
;  		sync1
__label_10
;  			// handle input
	; inlined sync1
__I18__I1__label_2
    LDA     INTIM
	BNE	__I18__I1__label_2
    STA     WSYNC
    LDA     #$02
    STA     VBLANK
    LDA     #$21
    STA     TIM64T
	; end of inlined sync1
;  			a=swcha a&0x10 == {
    LDA     swcha
    AND     #$10
    BNE     __label_11
;  				a=camera_y+1 a?CAMERA_Y_LIMIT < { c- a=camera_y a+0x20 camera_y=a a=camera_y+1 a+0 camera_y+1=a }
    LDA     camera_y+1
    CMP     #$E7
    BCS     __label_12
    CLc
    LDA     camera_y
    ADC     #$20
    STA     camera_y
    LDA     camera_y+1
    ADC     #$00
    STA     camera_y+1
;  			}
__label_12
;  
__label_11
;  			a=swcha a&0x20 == {
    LDA     swcha
    AND     #$20
    BNE     __label_13
;  				a=camera_y a&0xE0 == {
    LDA     camera_y
    AND     #$E0
    BNE     __label_14
;  					a=camera_y+1 != {
    LDA     camera_y+1
    BEQ     __label_15
;  						c+ a-1 camera_y+1=a
    SEc
    SBC     #$01
    STA     camera_y+1
;  						camera_y=a=0xE0
    LDA     #$E0
    STA     camera_y
;  					}
;  				}
__label_15
;  				else { c+ a-0x20 camera_y=a }
    JMP     __label_16
__label_14
    SEc
    SBC     #$20
    STA     camera_y
;  			}
__label_16
;  			a=camera_y a>> a>> a>> a>> a>> camera_y_offset=a
__label_13
    LDA     camera_y
    LSR
    LSR
    LSR
    LSR
    LSR
    STA     camera_y_offset
;  			a=8 c+ a-camera_y_offset camera_y_cover=a 
    LDA     #$08
    SEc
    SBC     camera_y_offset
    STA     camera_y_cover
;  		sync2
;  			// set ptrs to camera movement
	; inlined sync2
__I19__I3__label_2
    LDA     INTIM
	BNE	__I19__I3__label_2
    STA     WSYNC
    LDA     #$02
    STA     VSYNC
    STA     WSYNC
    STA     WSYNC
    LDA     #$00
    STA     WSYNC
    STA     VSYNC
    LDA     #$2C
    STA     TIM64T
	; end of inlined sync2
;  			a=camera_y+1
    LDA     camera_y+1
;  			ptr_map_pf0_0=ptr_map_pf1_0=ptr_map_pf2_0=ptr_map_pf0_1=ptr_map_pf1_1=ptr_map_pf2_1=a
    STA     ptr_map_pf2_1
    STA     ptr_map_pf1_1
    STA     ptr_map_pf0_1
    STA     ptr_map_pf2_0
    STA     ptr_map_pf1_0
    STA     ptr_map_pf0_0
;  
;  			// sprite positioning
;  			a=player_x c- a+1 x=0 SetHorizPos player_x=a
    LDA     player_x
    CLc
    ADC     #$01
    LDX     #$00
	; inlined SetHorizPos
    STA     WSYNC
    NOP     $80
    SEc
__I20__label_3
    SBC     #$0F
	BCS	__I20__label_3
    EOR     #$07
    ASL
    ASL
    ASL
    ASL
    STA     rp0,X
    STA     hp0,X
	; end of inlined SetHorizPos
    STA     player_x
;  			a=player_y 
    LDA     player_y
;  			a>> player_y_small>>> a>> player_y_small>>> a>> player_y_small>>> 
    LSR
    ROR     player_y_small
    LSR
    ROR     player_y_small
    LSR
    ROR     player_y_small
;  			player_y_small>> player_y_small>> player_y_small>> player_y_small>> player_y_small>>
    LSR     player_y_small
    LSR     player_y_small
    LSR     player_y_small
    LSR     player_y_small
    LSR     player_y_small
;  			player_y_big=a
    STA     player_y_big
;  		sync3
;  			draw_map_frame
	; inlined sync3
__I21__I8__label_2
    LDA     INTIM
	BNE	__I21__I8__label_2
    STA     WSYNC
    LDA     #$00
    STA     VBLANK
    LDA     #$E7
    STA     TIM64T
	; end of inlined sync3
;  	} always
	; inlined draw_map_frame
    LDA     #$00
    STA     cpf
    LDY     #$08
	BEQ	__I22__label_5
__I22__label_6
    STA     WSYNC
    DEY
	BNE	__I22__label_6
__I22__label_5
    LDY     #$17
    LDA     #$80
    STA     cpf
    LDX     camera_y_offset
	BEQ	__I22__label_7
__I22__I13__label_4
    STA     WSYNC
    LDA     (ptr_map_pf0_0),Y
    STA     pf0
    LDA     (ptr_map_pf1_0),Y
    STA     pf1
    LDA     (ptr_map_pf2_0),Y
    STA     pf2
    LDA     (ptr_map_pf0_1),Y
    STA     pf0
    LDA     (ptr_map_pf1_1),Y
    STA     pf1
    LDA     (ptr_map_pf2_1),Y
    STA     pf2
    DEX
	BNE	__I22__I13__label_4
__I22__label_7
    DEY
__I22__label_8
    LDX     #$08
__I22__I14__label_4
    STA     WSYNC
    LDA     (ptr_map_pf0_0),Y
    STA     pf0
    LDA     (ptr_map_pf1_0),Y
    STA     pf1
    LDA     (ptr_map_pf2_0),Y
    STA     pf2
    LDA     (ptr_map_pf0_1),Y
    STA     pf0
    LDA     (ptr_map_pf1_1),Y
    STA     pf1
    LDA     (ptr_map_pf2_1),Y
    STA     pf2
    DEX
	BNE	__I22__I14__label_4
    DEY
	BNE	__I22__label_8
    LDX     camera_y_cover
	BEQ	__I22__label_9
__I22__I15__label_4
    STA     WSYNC
    LDA     (ptr_map_pf0_0),Y
    STA     pf0
    LDA     (ptr_map_pf1_0),Y
    STA     pf1
    LDA     (ptr_map_pf2_0),Y
    STA     pf2
    LDA     (ptr_map_pf0_1),Y
    STA     pf0
    LDA     (ptr_map_pf1_1),Y
    STA     pf1
    LDA     (ptr_map_pf2_1),Y
    STA     pf2
    DEX
	BNE	__I22__I15__label_4
__I22__label_9
    STA     WSYNC
    LDA     #$00
    STA     pf2
    STA     pf1
    STA     pf0
    LDA     #$00
    STA     cpf
    LDA     #$00
    STA     gp0
    LDA     #$01
    STA     cp0
    LDA     #$00
    STA     draw_player
	; end of inlined draw_map_frame
    JMP     __label_10
;  }
;  
; section __vectors
    NOP
    NOP
    NOP
    NOP
    NOP
    NOP
    NOP
    NOP
    NOP
; section __entry
__entry
    BIT     __banksel_core
    JMP     main
